============================= test session starts =============================
platform win32 -- Python 3.10.7, pytest-7.4.3, pluggy-1.6.0 -- C:\LexiCache\backend\.venv\Scripts\python.exe
cachedir: .pytest_cache
rootdir: C:\LexiCache\backend
plugins: anyio-4.12.1
collecting ... collected 22 items

tests/test_pipeline.py::TestIsHeading::test_headings_detected PASSED     [  4%]
tests/test_pipeline.py::TestIsHeading::test_bodies_not_headings PASSED   [  9%]
tests/test_pipeline.py::TestSegmentContract::test_returns_list PASSED    [ 13%]
tests/test_pipeline.py::TestSegmentContract::test_no_standalone_headings PASSED [ 18%]
tests/test_pipeline.py::TestSegmentContract::test_segments_have_required_keys PASSED [ 22%]
tests/test_pipeline.py::TestSegmentContract::test_context_heading_propagated PASSED [ 27%]
tests/test_pipeline.py::TestSegmentContract::test_reasonable_segment_count PASSED [ 31%]
tests/test_pipeline.py::TestClassifyByKeywords::test_payment_terms_detected PASSED [ 36%]
tests/test_pipeline.py::TestClassifyByKeywords::test_governing_law_detected PASSED [ 40%]
tests/test_pipeline.py::TestClassifyByKeywords::test_termination_detected PASSED [ 45%]
tests/test_pipeline.py::TestClassifyByKeywords::test_confidentiality_detected PASSED [ 50%]
tests/test_pipeline.py::TestClassifyByKeywords::test_heading_boost_increases_confidence PASSED [ 54%]
tests/test_pipeline.py::TestClassifyByKeywords::test_unknown_for_gibberish PASSED [ 59%]
tests/test_pipeline.py::TestMergeAdjacentClauses::test_merges_same_type PASSED [ 63%]
tests/test_pipeline.py::TestMergeAdjacentClauses::test_does_not_merge_different_types PASSED [ 68%]
tests/test_pipeline.py::TestMergeAdjacentClauses::test_does_not_merge_unknowns PASSED [ 72%]
tests/test_pipeline.py::TestMergeAdjacentClauses::test_demotes_short_span PASSED [ 77%]
tests/test_pipeline.py::TestMergeAdjacentClauses::test_context_promotes_sandwiched_unknown PASSED [ 81%]
tests/test_pipeline.py::TestMergeAdjacentClauses::test_does_not_merge_if_combined_too_long PASSED [ 86%]
tests/test_pipeline.py::TestKeywordDictionary::test_all_cuad_types_present PASSED [ 90%]
tests/test_pipeline.py::TestKeywordDictionary::test_each_type_has_keywords PASSED [ 95%]
tests/test_pipeline.py::TestKeywordDictionary::test_weights_are_valid PASSED [100%]

============================= 22 passed in 0.16s ==============================
