python.exe : C:\LexiCache\back
end\.venv\lib\site-packages\_p
ytest\config\__init__.py:331: 
PluggyTeardownRaisedWarning: 
A plugin raised an exception 
during an old-style 
hookwrapper teardown.
At line:1 char:1
+ & .venv\Scripts\python.exe 
-m pytest 
tests/test_pipeline.py -v 
--tb=s ...
+ ~~~~~~~~~~~~~~~~~~~~~~~~~~~~
~~~~~~~~~~~~~~~~~~~~~~~~~~~~~~
~~~~~~~~~~~
    + CategoryInfo          : 
    NotSpecified: (C:\LexiCa  
  che\ba...apper teardown.:   
 String) [], RemoteExcepti    
on
    + FullyQualifiedErrorId : 
    NativeCommandError
 
Plugin: helpconfig, Hook: 
pytest_cmdline_parse
ImportError: cannot import 
name 'ContractName' from 
'eth_typing' (C:\LexiCache\bac
kend\.venv\lib\site-packages\e
th_typing\__init__.py)
For more information see https
://pluggy.readthedocs.io/en/st
able/api_reference.html#pluggy
.PluggyTeardownRaisedWarning
  config = pluginmanager.hook.
pytest_cmdline_parse(
Traceback (most recent call 
last):
  File "C:\Users\T.M.Malith Sa
ndeepa\AppData\Local\Programs\
Python\Python310\lib\runpy.py"
, line 196, in 
_run_module_as_main
    return _run_code(code, 
main_globals, None,
  File "C:\Users\T.M.Malith Sa
ndeepa\AppData\Local\Programs\
Python\Python310\lib\runpy.py"
, line 86, in _run_code
    exec(code, run_globals)
  File "C:\LexiCache\backend\.
venv\lib\site-packages\pytest\
__main__.py", line 5, in 
<module>
    raise SystemExit(pytest.co
nsole_main())
  File "C:\LexiCache\backend\.
venv\lib\site-packages\_pytest
\config\__init__.py", line 
192, in console_main
    code = main()
  File "C:\LexiCache\backend\.
venv\lib\site-packages\_pytest
\config\__init__.py", line 
150, in main
    config = 
_prepareconfig(args, plugins)
  File "C:\LexiCache\backend\.
venv\lib\site-packages\_pytest
\config\__init__.py", line 
331, in _prepareconfig
    config = pluginmanager.hoo
k.pytest_cmdline_parse(
  File "C:\LexiCache\backend\.
venv\lib\site-packages\pluggy\
_hooks.py", line 512, in 
__call__
    return 
self._hookexec(self.name, 
self._hookimpls.copy(), 
kwargs, firstresult)
  File "C:\LexiCache\backend\.
venv\lib\site-packages\pluggy\
_manager.py", line 120, in 
_hookexec
    return self._inner_hookexe
c(hook_name, methods, kwargs, 
firstresult)
  File "C:\LexiCache\backend\.
venv\lib\site-packages\pluggy\
_callers.py", line 167, in 
_multicall
    raise exception
  File "C:\LexiCache\backend\.
venv\lib\site-packages\pluggy\
_callers.py", line 139, in 
_multicall
    teardown.throw(exception)
  File "C:\LexiCache\backend\.
venv\lib\site-packages\pluggy\
_callers.py", line 43, in 
run_old_style_hookwrapper
    teardown.send(result)
  File "C:\LexiCache\backend\.
venv\lib\site-packages\_pytest
\helpconfig.py", line 104, in 
pytest_cmdline_parse
    config: Config = 
outcome.get_result()
  File "C:\LexiCache\backend\.
venv\lib\site-packages\pluggy\
_result.py", line 103, in 
get_result
    raise 
exc.with_traceback(tb)
  File "C:\LexiCache\backend\.
venv\lib\site-packages\pluggy\
_callers.py", line 38, in 
run_old_style_hookwrapper
    res = yield
  File "C:\LexiCache\backend\.
venv\lib\site-packages\pluggy\
_callers.py", line 121, in 
_multicall
    res = 
hook_impl.function(*args)
  File "C:\LexiCache\backend\.
venv\lib\site-packages\_pytest
\config\__init__.py", line 
1075, in pytest_cmdline_parse
    self.parse(args)
  File "C:\LexiCache\backend\.
venv\lib\site-packages\_pytest
\config\__init__.py", line 
1425, in parse
    self._preparse(args, 
addopts=addopts)
  File "C:\LexiCache\backend\.
venv\lib\site-packages\_pytest
\config\__init__.py", line 
1305, in _preparse
    self.pluginmanager.load_se
tuptools_entrypoints("pytest11
")
  File "C:\LexiCache\backend\.
venv\lib\site-packages\pluggy\
_manager.py", line 416, in 
load_setuptools_entrypoints
    plugin = ep.load()
  File "C:\Users\T.M.Malith Sa
ndeepa\AppData\Local\Programs\
Python\Python310\lib\importlib
\metadata\__init__.py", line 
171, in load
    module = import_module(mat
ch.group('module'))
  File "C:\Users\T.M.Malith Sa
ndeepa\AppData\Local\Programs\
Python\Python310\lib\importlib
\__init__.py", line 126, in 
import_module
    return _bootstrap._gcd_imp
ort(name[level:], package, 
level)
  File "<frozen 
importlib._bootstrap>", line 
1050, in _gcd_import
  File "<frozen 
importlib._bootstrap>", line 
1027, in _find_and_load
  File "<frozen 
importlib._bootstrap>", line 
992, in 
_find_and_load_unlocked
  File "<frozen 
importlib._bootstrap>", line 
241, in 
_call_with_frames_removed
  File "<frozen 
importlib._bootstrap>", line 
1050, in _gcd_import
  File "<frozen 
importlib._bootstrap>", line 
1027, in _find_and_load
  File "<frozen 
importlib._bootstrap>", line 
992, in 
_find_and_load_unlocked
  File "<frozen 
importlib._bootstrap>", line 
241, in 
_call_with_frames_removed
  File "<frozen 
importlib._bootstrap>", line 
1050, in _gcd_import
  File "<frozen 
importlib._bootstrap>", line 
1027, in _find_and_load
  File "<frozen 
importlib._bootstrap>", line 
1006, in 
_find_and_load_unlocked
  File "<frozen 
importlib._bootstrap>", line 
688, in _load_unlocked
  File "C:\LexiCache\backend\.
venv\lib\site-packages\_pytest
\assertion\rewrite.py", line 
186, in exec_module
    exec(co, module.__dict__)
  File "c:\Users\T.M.Malith Sa
ndeepa\OneDrive\Desktop\Projec
ts\LexiCache--Blockchain-Verif
ied-Few-shot-Legal-Clause-and-
Named-Entity-Text-Classificati
on\.venv\lib\site-packages\web
3\tools\__init__.py", line 1, 
in <module>
  File "C:\LexiCache\backend\.
venv\lib\site-packages\_pytest
\assertion\rewrite.py", line 
186, in exec_module
    exec(co, module.__dict__)
  File "c:\Users\T.M.Malith Sa
ndeepa\OneDrive\Desktop\Projec
ts\LexiCache--Blockchain-Verif
ied-Few-shot-Legal-Clause-and-
Named-Entity-Text-Classificati
on\.venv\lib\site-packages\web
3\tools\pytest_ethereum\deploy
er.py", line 7, in <module>
ImportError: cannot import 
name 'ContractName' from 
'eth_typing' (C:\LexiCache\bac
kend\.venv\lib\site-packages\e
th_typing\__init__.py)
